usuariodell@MICRODELL D:\FRED\ESTUDO\GITDemo\gitdemo
> git add git_intro.txt

usuariodell@MICRODELL D:\FRED\ESTUDO\GITDemo\gitdemo
> git status
On branch master

Initial commit

Changes to be committed:
  (use "git rm --cached <file>..." to unstage)

        new file:   git_intro.txt


usuariodell@MICRODELL D:\FRED\ESTUDO\GITDemo\gitdemo
> git commit -m "added file git_intro.txt"
[master (root-commit) 9016a42] added file git_intro.txt
 1 file changed, 21 insertions(+)
 create mode 100644 git_intro.txt

usuariodell@MICRODELL D:\FRED\ESTUDO\GITDemo\gitdemo
> git push origin

usuariodell@MICRODELL D:\FRED\ESTUDO\GITDemo\gitdemo
> git status
On branch master
Your branch is up-to-date with 'origin/master'.
nothing to commit, working tree clean


usuariodell@MICRODELL D:\FRED\ESTUDO\GITDemo\gitdemo
> git log
commit 9016a421dcca0efd21c0a5ce30f40c2a5a2a8c7f
Author: Fred Sena <sena.fred@gmail.com>
Date:   Mon May 21 23:30:46 2018 +0100

    added file git_intro.txt